// Jest Snapshot v1, https://goo.gl/fbAQLP

exports[`login test 1`] = `ShallowWrapper {}`;
